// Jest Snapshot v1, https://goo.gl/fbAQLP

exports[`<GifGridItem /> tests should render correctly 1`] = `
<div
  className="card animate__animated animate__fadeIn"
>
  <img
    alt="Un Titulo"
    src="https://test.com"
  />
  <p>
    Un Titulo
  </p>
</div>
`;
